// Jest Snapshot v1, https://goo.gl/fbAQLP

exports[`Testing error ModalComponent component rendering matches snapshot correctly 1`] = `
Object {
  "asFragment": [Function],
  "baseElement": .c0 {
  width: 40rem;
  height: 4rem;
  background-color: #8ca315;
  border: none;
  font-weight: 700;
  border-radius: 5px;
  text-transform: uppercase;
  box-shadow: rgb(38,57,77) 0px 20px 30px -10px;
  -webkit-transition: filter 0.2s;
  transition: filter 0.2s;
}

.c0:hover {
  cursor: pointer;
  -webkit-filter: brightness(0.9);
  filter: brightness(0.9);
}

@media (max-width:975px) {
  .c0 {
    width: -webkit-fit-content;
    width: -moz-fit-content;
    width: fit-content;
  }
}

<body>
    <div>
      <button
        class="c0"
      >
        Comprar agora
      </button>
    </div>
    <div
      class="ReactModalPortal"
    />
    <div>
      <button
        class="c0"
      >
        Comprar agora
      </button>
    </div>
    <div
      class="ReactModalPortal"
    />
  </body>,
  "container": .c0 {
  width: 40rem;
  height: 4rem;
  background-color: #8ca315;
  border: none;
  font-weight: 700;
  border-radius: 5px;
  text-transform: uppercase;
  box-shadow: rgb(38,57,77) 0px 20px 30px -10px;
  -webkit-transition: filter 0.2s;
  transition: filter 0.2s;
}

.c0:hover {
  cursor: pointer;
  -webkit-filter: brightness(0.9);
  filter: brightness(0.9);
}

@media (max-width:975px) {
  .c0 {
    width: -webkit-fit-content;
    width: -moz-fit-content;
    width: fit-content;
  }
}

<div>
    <button
      class="c0"
    >
      Comprar agora
    </button>
  </div>,
  "debug": [Function],
  "findAllByAltText": [Function],
  "findAllByDisplayValue": [Function],
  "findAllByLabelText": [Function],
  "findAllByPlaceholderText": [Function],
  "findAllByRole": [Function],
  "findAllByTestId": [Function],
  "findAllByText": [Function],
  "findAllByTitle": [Function],
  "findByAltText": [Function],
  "findByDisplayValue": [Function],
  "findByLabelText": [Function],
  "findByPlaceholderText": [Function],
  "findByRole": [Function],
  "findByTestId": [Function],
  "findByText": [Function],
  "findByTitle": [Function],
  "getAllByAltText": [Function],
  "getAllByDisplayValue": [Function],
  "getAllByLabelText": [Function],
  "getAllByPlaceholderText": [Function],
  "getAllByRole": [Function],
  "getAllByTestId": [Function],
  "getAllByText": [Function],
  "getAllByTitle": [Function],
  "getByAltText": [Function],
  "getByDisplayValue": [Function],
  "getByLabelText": [Function],
  "getByPlaceholderText": [Function],
  "getByRole": [Function],
  "getByTestId": [Function],
  "getByText": [Function],
  "getByTitle": [Function],
  "queryAllByAltText": [Function],
  "queryAllByDisplayValue": [Function],
  "queryAllByLabelText": [Function],
  "queryAllByPlaceholderText": [Function],
  "queryAllByRole": [Function],
  "queryAllByTestId": [Function],
  "queryAllByText": [Function],
  "queryAllByTitle": [Function],
  "queryByAltText": [Function],
  "queryByDisplayValue": [Function],
  "queryByLabelText": [Function],
  "queryByPlaceholderText": [Function],
  "queryByRole": [Function],
  "queryByTestId": [Function],
  "queryByText": [Function],
  "queryByTitle": [Function],
  "rerender": [Function],
  "unmount": [Function],
}
`;
