// Jest Snapshot v1, https://goo.gl/fbAQLP

exports[`Testing error footer component rendering matches snapshot correctly 1`] = `
Object {
  "asFragment": [Function],
  "baseElement": .c0 {
  position: absolute;
  right: 8rem;
}

.c1 {
  font-weight: 600;
  font-size: 20px;
  color: #383838;
}

@media (max-width:975px) {
  .c0 {
    margin-top: 3rem;
    margin-right: -1rem;
  }
}

<body>
    <div>
      <section
        class="c0"
      >
        <p
          class="c1"
        >
          © 
          2022
           | Carlos Oliveira
        </p>
      </section>
    </div>
    <div>
      <section
        class="c0"
      >
        <p
          class="c1"
        >
          © 
          2022
           | Carlos Oliveira
        </p>
      </section>
    </div>
  </body>,
  "container": .c0 {
  position: absolute;
  right: 8rem;
}

.c1 {
  font-weight: 600;
  font-size: 20px;
  color: #383838;
}

@media (max-width:975px) {
  .c0 {
    margin-top: 3rem;
    margin-right: -1rem;
  }
}

<div>
    <section
      class="c0"
    >
      <p
        class="c1"
      >
        © 
        2022
         | Carlos Oliveira
      </p>
    </section>
  </div>,
  "debug": [Function],
  "findAllByAltText": [Function],
  "findAllByDisplayValue": [Function],
  "findAllByLabelText": [Function],
  "findAllByPlaceholderText": [Function],
  "findAllByRole": [Function],
  "findAllByTestId": [Function],
  "findAllByText": [Function],
  "findAllByTitle": [Function],
  "findByAltText": [Function],
  "findByDisplayValue": [Function],
  "findByLabelText": [Function],
  "findByPlaceholderText": [Function],
  "findByRole": [Function],
  "findByTestId": [Function],
  "findByText": [Function],
  "findByTitle": [Function],
  "getAllByAltText": [Function],
  "getAllByDisplayValue": [Function],
  "getAllByLabelText": [Function],
  "getAllByPlaceholderText": [Function],
  "getAllByRole": [Function],
  "getAllByTestId": [Function],
  "getAllByText": [Function],
  "getAllByTitle": [Function],
  "getByAltText": [Function],
  "getByDisplayValue": [Function],
  "getByLabelText": [Function],
  "getByPlaceholderText": [Function],
  "getByRole": [Function],
  "getByTestId": [Function],
  "getByText": [Function],
  "getByTitle": [Function],
  "queryAllByAltText": [Function],
  "queryAllByDisplayValue": [Function],
  "queryAllByLabelText": [Function],
  "queryAllByPlaceholderText": [Function],
  "queryAllByRole": [Function],
  "queryAllByTestId": [Function],
  "queryAllByText": [Function],
  "queryAllByTitle": [Function],
  "queryByAltText": [Function],
  "queryByDisplayValue": [Function],
  "queryByLabelText": [Function],
  "queryByPlaceholderText": [Function],
  "queryByRole": [Function],
  "queryByTestId": [Function],
  "queryByText": [Function],
  "queryByTitle": [Function],
  "rerender": [Function],
  "unmount": [Function],
}
`;
