// Jest Snapshot v1, https://goo.gl/fbAQLP

exports[`Testing error button component rendering matches snapshot correctly 1`] = `
Object {
  "asFragment": [Function],
  "baseElement": .c0 {
  display: -webkit-box;
  display: -webkit-flex;
  display: -ms-flexbox;
  display: flex;
  -webkit-box-pack: center;
  -webkit-justify-content: center;
  -ms-flex-pack: center;
  justify-content: center;
}

.c1 {
  all: unset;
  width: 100px;
  height: 30px;
  font-size: 16px;
  background: transparent;
  border: none;
  position: relative;
  color: #383838;
  cursor: pointer;
  z-index: 1;
  padding: 10px 20px;
  display: -webkit-box;
  display: -webkit-flex;
  display: -ms-flexbox;
  display: flex;
  -webkit-align-items: center;
  -webkit-box-align: center;
  -ms-flex-align: center;
  align-items: center;
  -webkit-box-pack: center;
  -webkit-justify-content: center;
  -ms-flex-pack: center;
  justify-content: center;
  white-space: nowrap;
  -webkit-user-select: none;
  -moz-user-select: none;
  -ms-user-select: none;
  user-select: none;
  -webkit-user-select: none;
  touch-action: manipulation;
  font-weight: 600;
}

.c1::after,
.c1::before {
  content: '';
  position: absolute;
  bottom: 0;
  right: 0;
  z-index: -99999;
  -webkit-transition: all 0.4s;
  transition: all 0.4s;
}

.c1::before {
  -webkit-transform: translate(0%,0%);
  -ms-transform: translate(0%,0%);
  transform: translate(0%,0%);
  width: 100%;
  height: 100%;
  background-color: #f8f8f8;
  border-radius: 10px;
}

.c1::after {
  -webkit-transform: translate(10px,10px);
  -ms-transform: translate(10px,10px);
  transform: translate(10px,10px);
  width: 35px;
  height: 35px;
  background-color: #90caf9;
  -webkit-backdrop-filter: blur(5px);
  backdrop-filter: blur(5px);
  -webkit-backdrop-filter: blur(5px);
  border-radius: 50px;
}

.c1:hover::before {
  -webkit-transform: translate(5%,20%);
  -ms-transform: translate(5%,20%);
  transform: translate(5%,20%);
  width: 110%;
  height: 110%;
}

.c1:hover::after {
  border-radius: 10px;
  -webkit-transform: translate(0,0);
  -ms-transform: translate(0,0);
  transform: translate(0,0);
  width: 100%;
  height: 100%;
}

.c1:active::after {
  -webkit-transition: 0s;
  transition: 0s;
  -webkit-transform: translate(0,5%);
  -ms-transform: translate(0,5%);
  transform: translate(0,5%);
}

<body>
    <div>
      <section
        class="c0"
      >
        <button
          class="c1"
          role="button"
        >
          Button
        </button>
      </section>
    </div>
    <div>
      <section
        class="c0"
      >
        <button
          class="c1"
          role="button"
        >
          Button
        </button>
      </section>
    </div>
  </body>,
  "container": .c0 {
  display: -webkit-box;
  display: -webkit-flex;
  display: -ms-flexbox;
  display: flex;
  -webkit-box-pack: center;
  -webkit-justify-content: center;
  -ms-flex-pack: center;
  justify-content: center;
}

.c1 {
  all: unset;
  width: 100px;
  height: 30px;
  font-size: 16px;
  background: transparent;
  border: none;
  position: relative;
  color: #383838;
  cursor: pointer;
  z-index: 1;
  padding: 10px 20px;
  display: -webkit-box;
  display: -webkit-flex;
  display: -ms-flexbox;
  display: flex;
  -webkit-align-items: center;
  -webkit-box-align: center;
  -ms-flex-align: center;
  align-items: center;
  -webkit-box-pack: center;
  -webkit-justify-content: center;
  -ms-flex-pack: center;
  justify-content: center;
  white-space: nowrap;
  -webkit-user-select: none;
  -moz-user-select: none;
  -ms-user-select: none;
  user-select: none;
  -webkit-user-select: none;
  touch-action: manipulation;
  font-weight: 600;
}

.c1::after,
.c1::before {
  content: '';
  position: absolute;
  bottom: 0;
  right: 0;
  z-index: -99999;
  -webkit-transition: all 0.4s;
  transition: all 0.4s;
}

.c1::before {
  -webkit-transform: translate(0%,0%);
  -ms-transform: translate(0%,0%);
  transform: translate(0%,0%);
  width: 100%;
  height: 100%;
  background-color: #f8f8f8;
  border-radius: 10px;
}

.c1::after {
  -webkit-transform: translate(10px,10px);
  -ms-transform: translate(10px,10px);
  transform: translate(10px,10px);
  width: 35px;
  height: 35px;
  background-color: #90caf9;
  -webkit-backdrop-filter: blur(5px);
  backdrop-filter: blur(5px);
  -webkit-backdrop-filter: blur(5px);
  border-radius: 50px;
}

.c1:hover::before {
  -webkit-transform: translate(5%,20%);
  -ms-transform: translate(5%,20%);
  transform: translate(5%,20%);
  width: 110%;
  height: 110%;
}

.c1:hover::after {
  border-radius: 10px;
  -webkit-transform: translate(0,0);
  -ms-transform: translate(0,0);
  transform: translate(0,0);
  width: 100%;
  height: 100%;
}

.c1:active::after {
  -webkit-transition: 0s;
  transition: 0s;
  -webkit-transform: translate(0,5%);
  -ms-transform: translate(0,5%);
  transform: translate(0,5%);
}

<div>
    <section
      class="c0"
    >
      <button
        class="c1"
        role="button"
      >
        Button
      </button>
    </section>
  </div>,
  "debug": [Function],
  "findAllByAltText": [Function],
  "findAllByDisplayValue": [Function],
  "findAllByLabelText": [Function],
  "findAllByPlaceholderText": [Function],
  "findAllByRole": [Function],
  "findAllByTestId": [Function],
  "findAllByText": [Function],
  "findAllByTitle": [Function],
  "findByAltText": [Function],
  "findByDisplayValue": [Function],
  "findByLabelText": [Function],
  "findByPlaceholderText": [Function],
  "findByRole": [Function],
  "findByTestId": [Function],
  "findByText": [Function],
  "findByTitle": [Function],
  "getAllByAltText": [Function],
  "getAllByDisplayValue": [Function],
  "getAllByLabelText": [Function],
  "getAllByPlaceholderText": [Function],
  "getAllByRole": [Function],
  "getAllByTestId": [Function],
  "getAllByText": [Function],
  "getAllByTitle": [Function],
  "getByAltText": [Function],
  "getByDisplayValue": [Function],
  "getByLabelText": [Function],
  "getByPlaceholderText": [Function],
  "getByRole": [Function],
  "getByTestId": [Function],
  "getByText": [Function],
  "getByTitle": [Function],
  "queryAllByAltText": [Function],
  "queryAllByDisplayValue": [Function],
  "queryAllByLabelText": [Function],
  "queryAllByPlaceholderText": [Function],
  "queryAllByRole": [Function],
  "queryAllByTestId": [Function],
  "queryAllByText": [Function],
  "queryAllByTitle": [Function],
  "queryByAltText": [Function],
  "queryByDisplayValue": [Function],
  "queryByLabelText": [Function],
  "queryByPlaceholderText": [Function],
  "queryByRole": [Function],
  "queryByTestId": [Function],
  "queryByText": [Function],
  "queryByTitle": [Function],
  "rerender": [Function],
  "unmount": [Function],
}
`;

exports[`Testing error buyBlouse component rendering matches snapshot correctly 1`] = `
Object {
  "asFragment": [Function],
  "baseElement": .c0 {
  display: -webkit-box;
  display: -webkit-flex;
  display: -ms-flexbox;
  display: flex;
  -webkit-box-pack: center;
  -webkit-justify-content: center;
  -ms-flex-pack: center;
  justify-content: center;
}

.c1 {
  all: unset;
  width: 100px;
  height: 30px;
  font-size: 16px;
  background: transparent;
  border: none;
  position: relative;
  color: #383838;
  cursor: pointer;
  z-index: 1;
  padding: 10px 20px;
  display: -webkit-box;
  display: -webkit-flex;
  display: -ms-flexbox;
  display: flex;
  -webkit-align-items: center;
  -webkit-box-align: center;
  -ms-flex-align: center;
  align-items: center;
  -webkit-box-pack: center;
  -webkit-justify-content: center;
  -ms-flex-pack: center;
  justify-content: center;
  white-space: nowrap;
  -webkit-user-select: none;
  -moz-user-select: none;
  -ms-user-select: none;
  user-select: none;
  -webkit-user-select: none;
  touch-action: manipulation;
  font-weight: 600;
}

.c1::after,
.c1::before {
  content: '';
  position: absolute;
  bottom: 0;
  right: 0;
  z-index: -99999;
  -webkit-transition: all 0.4s;
  transition: all 0.4s;
}

.c1::before {
  -webkit-transform: translate(0%,0%);
  -ms-transform: translate(0%,0%);
  transform: translate(0%,0%);
  width: 100%;
  height: 100%;
  background-color: #f8f8f8;
  border-radius: 10px;
}

.c1::after {
  -webkit-transform: translate(10px,10px);
  -ms-transform: translate(10px,10px);
  transform: translate(10px,10px);
  width: 35px;
  height: 35px;
  background-color: #90caf9;
  -webkit-backdrop-filter: blur(5px);
  backdrop-filter: blur(5px);
  -webkit-backdrop-filter: blur(5px);
  border-radius: 50px;
}

.c1:hover::before {
  -webkit-transform: translate(5%,20%);
  -ms-transform: translate(5%,20%);
  transform: translate(5%,20%);
  width: 110%;
  height: 110%;
}

.c1:hover::after {
  border-radius: 10px;
  -webkit-transform: translate(0,0);
  -ms-transform: translate(0,0);
  transform: translate(0,0);
  width: 100%;
  height: 100%;
}

.c1:active::after {
  -webkit-transition: 0s;
  transition: 0s;
  -webkit-transform: translate(0,5%);
  -ms-transform: translate(0,5%);
  transform: translate(0,5%);
}

<body>
    <div>
      <section
        class="c0"
      >
        <button
          class="c1"
          role="button"
        >
          Button
        </button>
      </section>
    </div>
    <div>
      <section
        class="c0"
      >
        <button
          class="c1"
          role="button"
        >
          Button
        </button>
      </section>
    </div>
  </body>,
  "container": .c0 {
  display: -webkit-box;
  display: -webkit-flex;
  display: -ms-flexbox;
  display: flex;
  -webkit-box-pack: center;
  -webkit-justify-content: center;
  -ms-flex-pack: center;
  justify-content: center;
}

.c1 {
  all: unset;
  width: 100px;
  height: 30px;
  font-size: 16px;
  background: transparent;
  border: none;
  position: relative;
  color: #383838;
  cursor: pointer;
  z-index: 1;
  padding: 10px 20px;
  display: -webkit-box;
  display: -webkit-flex;
  display: -ms-flexbox;
  display: flex;
  -webkit-align-items: center;
  -webkit-box-align: center;
  -ms-flex-align: center;
  align-items: center;
  -webkit-box-pack: center;
  -webkit-justify-content: center;
  -ms-flex-pack: center;
  justify-content: center;
  white-space: nowrap;
  -webkit-user-select: none;
  -moz-user-select: none;
  -ms-user-select: none;
  user-select: none;
  -webkit-user-select: none;
  touch-action: manipulation;
  font-weight: 600;
}

.c1::after,
.c1::before {
  content: '';
  position: absolute;
  bottom: 0;
  right: 0;
  z-index: -99999;
  -webkit-transition: all 0.4s;
  transition: all 0.4s;
}

.c1::before {
  -webkit-transform: translate(0%,0%);
  -ms-transform: translate(0%,0%);
  transform: translate(0%,0%);
  width: 100%;
  height: 100%;
  background-color: #f8f8f8;
  border-radius: 10px;
}

.c1::after {
  -webkit-transform: translate(10px,10px);
  -ms-transform: translate(10px,10px);
  transform: translate(10px,10px);
  width: 35px;
  height: 35px;
  background-color: #90caf9;
  -webkit-backdrop-filter: blur(5px);
  backdrop-filter: blur(5px);
  -webkit-backdrop-filter: blur(5px);
  border-radius: 50px;
}

.c1:hover::before {
  -webkit-transform: translate(5%,20%);
  -ms-transform: translate(5%,20%);
  transform: translate(5%,20%);
  width: 110%;
  height: 110%;
}

.c1:hover::after {
  border-radius: 10px;
  -webkit-transform: translate(0,0);
  -ms-transform: translate(0,0);
  transform: translate(0,0);
  width: 100%;
  height: 100%;
}

.c1:active::after {
  -webkit-transition: 0s;
  transition: 0s;
  -webkit-transform: translate(0,5%);
  -ms-transform: translate(0,5%);
  transform: translate(0,5%);
}

<div>
    <section
      class="c0"
    >
      <button
        class="c1"
        role="button"
      >
        Button
      </button>
    </section>
  </div>,
  "debug": [Function],
  "findAllByAltText": [Function],
  "findAllByDisplayValue": [Function],
  "findAllByLabelText": [Function],
  "findAllByPlaceholderText": [Function],
  "findAllByRole": [Function],
  "findAllByTestId": [Function],
  "findAllByText": [Function],
  "findAllByTitle": [Function],
  "findByAltText": [Function],
  "findByDisplayValue": [Function],
  "findByLabelText": [Function],
  "findByPlaceholderText": [Function],
  "findByRole": [Function],
  "findByTestId": [Function],
  "findByText": [Function],
  "findByTitle": [Function],
  "getAllByAltText": [Function],
  "getAllByDisplayValue": [Function],
  "getAllByLabelText": [Function],
  "getAllByPlaceholderText": [Function],
  "getAllByRole": [Function],
  "getAllByTestId": [Function],
  "getAllByText": [Function],
  "getAllByTitle": [Function],
  "getByAltText": [Function],
  "getByDisplayValue": [Function],
  "getByLabelText": [Function],
  "getByPlaceholderText": [Function],
  "getByRole": [Function],
  "getByTestId": [Function],
  "getByText": [Function],
  "getByTitle": [Function],
  "queryAllByAltText": [Function],
  "queryAllByDisplayValue": [Function],
  "queryAllByLabelText": [Function],
  "queryAllByPlaceholderText": [Function],
  "queryAllByRole": [Function],
  "queryAllByTestId": [Function],
  "queryAllByText": [Function],
  "queryAllByTitle": [Function],
  "queryByAltText": [Function],
  "queryByDisplayValue": [Function],
  "queryByLabelText": [Function],
  "queryByPlaceholderText": [Function],
  "queryByRole": [Function],
  "queryByTestId": [Function],
  "queryByText": [Function],
  "queryByTitle": [Function],
  "rerender": [Function],
  "unmount": [Function],
}
`;
