// Jest Snapshot v1, https://goo.gl/fbAQLP

exports[`Testing error buyBlouse component rendering matches snapshot correctly 1`] = `
Object {
  "asFragment": [Function],
  "baseElement": .c0 {
  color: #0000;
  overflow: hidden;
  -webkit-transition: 0.3s;
  transition: 0.3s;
  font-size: 2.5rem;
  line-height: 1.2em;
  text-shadow: 0 0 #383838,0 1.2em #383838;
}

.c0:hover {
  text-shadow: 0 -1.2em #383838,0 0 #383838;
}

<body>
    <div>
      <section
        class=""
      >
        <h1
          class="c0"
        >
          Testing
        </h1>
      </section>
    </div>
    <div>
      <section
        class=""
      >
        <h1
          class="c0"
        >
          Testing
        </h1>
      </section>
    </div>
  </body>,
  "container": .c0 {
  color: #0000;
  overflow: hidden;
  -webkit-transition: 0.3s;
  transition: 0.3s;
  font-size: 2.5rem;
  line-height: 1.2em;
  text-shadow: 0 0 #383838,0 1.2em #383838;
}

.c0:hover {
  text-shadow: 0 -1.2em #383838,0 0 #383838;
}

<div>
    <section
      class=""
    >
      <h1
        class="c0"
      >
        Testing
      </h1>
    </section>
  </div>,
  "debug": [Function],
  "findAllByAltText": [Function],
  "findAllByDisplayValue": [Function],
  "findAllByLabelText": [Function],
  "findAllByPlaceholderText": [Function],
  "findAllByRole": [Function],
  "findAllByTestId": [Function],
  "findAllByText": [Function],
  "findAllByTitle": [Function],
  "findByAltText": [Function],
  "findByDisplayValue": [Function],
  "findByLabelText": [Function],
  "findByPlaceholderText": [Function],
  "findByRole": [Function],
  "findByTestId": [Function],
  "findByText": [Function],
  "findByTitle": [Function],
  "getAllByAltText": [Function],
  "getAllByDisplayValue": [Function],
  "getAllByLabelText": [Function],
  "getAllByPlaceholderText": [Function],
  "getAllByRole": [Function],
  "getAllByTestId": [Function],
  "getAllByText": [Function],
  "getAllByTitle": [Function],
  "getByAltText": [Function],
  "getByDisplayValue": [Function],
  "getByLabelText": [Function],
  "getByPlaceholderText": [Function],
  "getByRole": [Function],
  "getByTestId": [Function],
  "getByText": [Function],
  "getByTitle": [Function],
  "queryAllByAltText": [Function],
  "queryAllByDisplayValue": [Function],
  "queryAllByLabelText": [Function],
  "queryAllByPlaceholderText": [Function],
  "queryAllByRole": [Function],
  "queryAllByTestId": [Function],
  "queryAllByText": [Function],
  "queryAllByTitle": [Function],
  "queryByAltText": [Function],
  "queryByDisplayValue": [Function],
  "queryByLabelText": [Function],
  "queryByPlaceholderText": [Function],
  "queryByRole": [Function],
  "queryByTestId": [Function],
  "queryByText": [Function],
  "queryByTitle": [Function],
  "rerender": [Function],
  "unmount": [Function],
}
`;
