// Jest Snapshot v1, https://goo.gl/fbAQLP

exports[`Testing error login component rendering matches snapshot correctly 1`] = `
Object {
  "asFragment": [Function],
  "baseElement": .c5 svg {
  color: white;
  font-size: 25px;
  position: absolute;
  right: 0px;
  top: 10px;
  cursor: pointer;
}

.c6 {
  position: relative;
  margin-bottom: 45px;
}

.c8 {
  position: absolute;
  height: 60%;
  width: 100px;
  top: 25%;
  left: 0;
  pointer-events: none;
  opacity: 0.5;
}

.c12 {
  color: #f8f8f8;
  font-size: 18px;
  font-weight: normal;
  position: absolute;
  pointer-events: none;
  left: 5px;
  top: 10px;
  -webkit-transition: 0.2s ease all;
  transition: 0.2s ease all;
  -moz-transition: 0.2s ease all;
  -webkit-transition: 0.2s ease all;
}

.c10 {
  position: relative;
  display: block;
  width: 300px;
}

.c10:before,
.c10:after {
  content: '';
  height: 2px;
  width: 0;
  bottom: 1px;
  position: absolute;
  background-color: #90caf9;
  -webkit-transition: 0.2s ease all;
  transition: 0.2s ease all;
  -moz-transition: 0.2s ease all;
  -webkit-transition: 0.2s ease all;
}

.c10:before {
  left: 50%;
}

.c10:after {
  right: 50%;
}

.c7 {
  font-size: 18px;
  display: block;
  width: 300px;
  border: none;
  padding: 10px 10px 10px 5px;
  border-bottom: 0.1px solid #f8f8f8;
  background-color: transparent;
  color: #f8f8f8;
}

.c7:focus {
  outline: none;
  border-bottom: 1px solid transparent;
}

.c7:focus ~ .c11,
.c7:valid ~ .c11 {
  top: -20px;
  font-size: 14px;
  color: #90caf9;
}

.c7:focus ~ .c9:before,
.c7:focus ~ .c9:after {
  width: 50%;
}

.c17 {
  position: absolute;
  right: 8rem;
}

.c18 {
  font-weight: 600;
  font-size: 20px;
  color: #f8f8f8;
}

.c13 {
  display: -webkit-box;
  display: -webkit-flex;
  display: -ms-flexbox;
  display: flex;
  -webkit-box-pack: center;
  -webkit-justify-content: center;
  -ms-flex-pack: center;
  justify-content: center;
}

.c14 {
  all: unset;
  width: 100px;
  height: 30px;
  font-size: 16px;
  background: transparent;
  border: none;
  position: relative;
  color: #383838;
  cursor: pointer;
  z-index: 1;
  padding: 10px 20px;
  display: -webkit-box;
  display: -webkit-flex;
  display: -ms-flexbox;
  display: flex;
  -webkit-align-items: center;
  -webkit-box-align: center;
  -ms-flex-align: center;
  align-items: center;
  -webkit-box-pack: center;
  -webkit-justify-content: center;
  -ms-flex-pack: center;
  justify-content: center;
  white-space: nowrap;
  -webkit-user-select: none;
  -moz-user-select: none;
  -ms-user-select: none;
  user-select: none;
  -webkit-user-select: none;
  touch-action: manipulation;
  font-weight: 600;
}

.c14::after,
.c14::before {
  content: '';
  position: absolute;
  bottom: 0;
  right: 0;
  z-index: -99999;
  -webkit-transition: all 0.4s;
  transition: all 0.4s;
}

.c14::before {
  -webkit-transform: translate(0%,0%);
  -ms-transform: translate(0%,0%);
  transform: translate(0%,0%);
  width: 100%;
  height: 100%;
  background-color: #f8f8f8;
  border-radius: 10px;
}

.c14::after {
  -webkit-transform: translate(10px,10px);
  -ms-transform: translate(10px,10px);
  transform: translate(10px,10px);
  width: 35px;
  height: 35px;
  background-color: #90caf9;
  -webkit-backdrop-filter: blur(5px);
  backdrop-filter: blur(5px);
  -webkit-backdrop-filter: blur(5px);
  border-radius: 50px;
}

.c14:hover::before {
  -webkit-transform: translate(5%,20%);
  -ms-transform: translate(5%,20%);
  transform: translate(5%,20%);
  width: 110%;
  height: 110%;
}

.c14:hover::after {
  border-radius: 10px;
  -webkit-transform: translate(0,0);
  -ms-transform: translate(0,0);
  transform: translate(0,0);
  width: 100%;
  height: 100%;
}

.c14:active::after {
  -webkit-transition: 0s;
  transition: 0s;
  -webkit-transform: translate(0,5%);
  -ms-transform: translate(0,5%);
  transform: translate(0,5%);
}

.c16 {
  -webkit-align-items: center;
  -webkit-box-align: center;
  -ms-flex-align: center;
  align-items: center;
  -webkit-appearance: none;
  -moz-appearance: none;
  appearance: none;
  background-color: #f8f8f8;
  border-radius: 4px;
  border-width: 0;
  box-shadow: #383838 0px 22px 70px 4px;
  box-sizing: border-box;
  color: #383838;
  cursor: pointer;
  display: -webkit-inline-box;
  display: -webkit-inline-flex;
  display: -ms-inline-flexbox;
  display: inline-flex;
  font-family: 'JetBrains Mono',monospace;
  height: 48px;
  -webkit-box-pack: center;
  -webkit-justify-content: center;
  -ms-flex-pack: center;
  justify-content: center;
  line-height: 1;
  list-style: none;
  overflow: hidden;
  padding-left: 16px;
  padding-right: 16px;
  position: relative;
  text-align: left;
  -webkit-text-decoration: none;
  text-decoration: none;
  -webkit-transition: box-shadow 0.15s,-webkit-transform 0.15s;
  -webkit-transition: box-shadow 0.15s,transform 0.15s;
  transition: box-shadow 0.15s,transform 0.15s;
  -webkit-user-select: none;
  -moz-user-select: none;
  -ms-user-select: none;
  user-select: none;
  -webkit-user-select: none;
  touch-action: manipulation;
  white-space: nowrap;
  will-change: box-shadow,transform;
  font-size: 18px;
  font-weight: 600;
}

.c16:focus {
  box-shadow: #383838 0px 22px 70px 4px;
}

.c16:hover {
  box-shadow: #383838 0px 22px 70px 4px;
  -webkit-transform: translateY(-2px);
  -ms-transform: translateY(-2px);
  transform: translateY(-2px);
}

.c16:active {
  box-shadow: #383838 0px 22px 70px 4px;
  -webkit-transform: translateY(2px);
  -ms-transform: translateY(2px);
  transform: translateY(2px);
}

.c16 svg {
  margin-right: 10px;
}

.c0 {
  background: rgb(144,202,249);
  background: linear-gradient( 212deg, rgba(144,202,249,1) 40%, rgba(56,56,56,1) 90% );
  height: 100vh;
  padding: 2rem;
}

.c1 {
  height: calc(100vh - 4rem);
  position: relative;
  display: -webkit-box;
  display: -webkit-flex;
  display: -ms-flexbox;
  display: flex;
  -webkit-flex-wrap: wrap;
  -ms-flex-wrap: wrap;
  flex-wrap: wrap;
  -webkit-box-pack: center;
  -webkit-justify-content: center;
  -ms-flex-pack: center;
  justify-content: center;
  margin: 0 auto;
  max-width: 70rem;
  box-shadow: #383838 0px 22px 70px 4px;
}

.c2 {
  display: -webkit-box;
  display: -webkit-flex;
  display: -ms-flexbox;
  display: flex;
  -webkit-flex: 1 500px;
  -ms-flex: 1 500px;
  flex: 1 500px;
  padding: 6rem 7rem;
  border: 2px solid #9294f866;
  background-color: #f8f8f8;
  background: linear-gradient(90deg,#f8f8f8 0%,#383838 5%);
}

.c3 {
  z-index: 2;
  padding: 0 2rem;
}

.c4 {
  font-size: 30px;
  text-align: center;
  margin-bottom: 3.5rem;
  color: #f8f8f8;
}

.c15 {
  display: -webkit-box;
  display: -webkit-flex;
  display: -ms-flexbox;
  display: flex;
  margin-top: 4rem;
  -webkit-box-pack: space-evenly;
  -webkit-justify-content: space-evenly;
  -ms-flex-pack: space-evenly;
  justify-content: space-evenly;
}

.c19 {
  display: -webkit-box;
  display: -webkit-flex;
  display: -ms-flexbox;
  display: flex;
  -webkit-flex: 1 500px;
  -ms-flex: 1 500px;
  flex: 1 500px;
  position: absolute;
  right: 2px;
  top: 2px;
}

.c20 {
  width: 55rem;
}

@media (max-width:975px) {
  .c17 {
    margin-top: 3rem;
    margin-right: -1rem;
  }
}

@media (max-width:975px) {
  .c2 {
    padding: 0 2rem;
    -webkit-box-pack: center;
    -webkit-justify-content: center;
    -ms-flex-pack: center;
    justify-content: center;
  }
}

@media (max-width:975px) {
  .c19 {
    display: none;
  }
}

<body>
    <div>
      <section
        class="c0"
      >
        <div
          class="c1"
        >
          <div
            class="c2"
          >
            <div
              class="c3"
            >
              <h1
                class="c4"
              >
                Fa√ßa seu login
              </h1>
              <form>
                <section
                  class="c5"
                >
                  <div
                    class="c6"
                  >
                    <input
                      class="c7"
                      name="email"
                      required=""
                      type="text"
                      value=""
                    />
                    <span
                      class="c8"
                    />
                    <span
                      class="c9 c10"
                    />
                    <label
                      class="c11 c12"
                    >
                      Email
                    </label>
                  </div>
                </section>
                <section
                  class="c5"
                >
                  <div
                    class="c6"
                  >
                    <input
                      class="c7"
                      name="senha"
                      required=""
                      type="password"
                      value=""
                    />
                    <span>
                      <svg
                        fill="currentColor"
                        height="1em"
                        stroke="currentColor"
                        stroke-width="0"
                        viewBox="0 0 1024 1024"
                        width="1em"
                        xmlns="http://www.w3.org/2000/svg"
                      >
                        <path
                          d="M942.2 486.2Q889.47 375.11 816.7 305l-50.88 50.88C807.31 395.53 843.45 447.4 874.7 512 791.5 684.2 673.4 766 512 766q-72.67 0-133.87-22.38L323 798.75Q408 838 512 838q288.3 0 430.2-300.3a60.29 60.29 0 0 0 0-51.5zm-63.57-320.64L836 122.88a8 8 0 0 0-11.32 0L715.31 232.2Q624.86 186 512 186q-288.3 0-430.2 300.3a60.3 60.3 0 0 0 0 51.5q56.69 119.4 136.5 191.41L112.48 835a8 8 0 0 0 0 11.31L155.17 889a8 8 0 0 0 11.31 0l712.15-712.12a8 8 0 0 0 0-11.32zM149.3 512C232.6 339.8 350.7 258 512 258c54.54 0 104.13 9.36 149.12 28.39l-70.3 70.3a176 176 0 0 0-238.13 238.13l-83.42 83.42C223.1 637.49 183.3 582.28 149.3 512zm246.7 0a112.11 112.11 0 0 1 146.2-106.69L401.31 546.2A112 112 0 0 1 396 512z"
                        />
                        <path
                          d="M508 624c-3.46 0-6.87-.16-10.25-.47l-52.82 52.82a176.09 176.09 0 0 0 227.42-227.42l-52.82 52.82c.31 3.38.47 6.79.47 10.25a111.94 111.94 0 0 1-112 112z"
                        />
                      </svg>
                    </span>
                    <span
                      class="c8"
                    />
                    <span
                      class="c9 c10"
                    />
                    <label
                      class="c11 c12"
                    >
                      Senha
                    </label>
                  </div>
                </section>
                <section
                  class="c13"
                >
                  <button
                    class="c14"
                    role="button"
                  >
                    Entra
                  </button>
                </section>
              </form>
              <div
                class="c15"
              >
                <button
                  class="c16"
                  role="button"
                >
                  <svg
                    enable-background="new 0 0 48 48"
                    fill="currentColor"
                    height="1em"
                    stroke="currentColor"
                    stroke-width="0"
                    version="1.1"
                    viewBox="0 0 48 48"
                    width="1em"
                    x="0px"
                    xmlns="http://www.w3.org/2000/svg"
                    y="0px"
                  >
                    <path
                      d="M43.611,20.083H42V20H24v8h11.303c-1.649,4.657-6.08,8-11.303,8c-6.627,0-12-5.373-12-12
	c0-6.627,5.373-12,12-12c3.059,0,5.842,1.154,7.961,3.039l5.657-5.657C34.046,6.053,29.268,4,24,4C12.955,4,4,12.955,4,24
	c0,11.045,8.955,20,20,20c11.045,0,20-8.955,20-20C44,22.659,43.862,21.35,43.611,20.083z"
                      fill="#FFC107"
                    />
                    <path
                      d="M6.306,14.691l6.571,4.819C14.655,15.108,18.961,12,24,12c3.059,0,5.842,1.154,7.961,3.039l5.657-5.657
	C34.046,6.053,29.268,4,24,4C16.318,4,9.656,8.337,6.306,14.691z"
                      fill="#FF3D00"
                    />
                    <path
                      d="M24,44c5.166,0,9.86-1.977,13.409-5.192l-6.19-5.238C29.211,35.091,26.715,36,24,36
	c-5.202,0-9.619-3.317-11.283-7.946l-6.522,5.025C9.505,39.556,16.227,44,24,44z"
                      fill="#4CAF50"
                    />
                    <path
                      d="M43.611,20.083H42V20H24v8h11.303c-0.792,2.237-2.231,4.166-4.087,5.571
	c0.001-0.001,0.002-0.001,0.003-0.002l6.19,5.238C36.971,39.205,44,34,44,24C44,22.659,43.862,21.35,43.611,20.083z"
                      fill="#1976D2"
                    />
                  </svg>
                  Google
                </button>
                <button
                  class="c16"
                  role="button"
                >
                  <svg
                    fill="currentColor"
                    height="1em"
                    stroke="currentColor"
                    stroke-width="0"
                    viewBox="0 0 16 16"
                    width="1em"
                    xmlns="http://www.w3.org/2000/svg"
                  >
                    <path
                      d="M8 0C3.58 0 0 3.58 0 8c0 3.54 2.29 6.53 5.47 7.59.4.07.55-.17.55-.38 0-.19-.01-.82-.01-1.49-2.01.37-2.53-.49-2.69-.94-.09-.23-.48-.94-.82-1.13-.28-.15-.68-.52-.01-.53.63-.01 1.08.58 1.23.82.72 1.21 1.87.87 2.33.66.07-.52.28-.87.51-1.07-1.78-.2-3.64-.89-3.64-3.95 0-.87.31-1.59.82-2.15-.08-.2-.36-1.02.08-2.12 0 0 .67-.21 2.2.82.64-.18 1.32-.27 2-.27.68 0 1.36.09 2 .27 1.53-1.04 2.2-.82 2.2-.82.44 1.1.16 1.92.08 2.12.51.56.82 1.27.82 2.15 0 3.07-1.87 3.75-3.65 3.95.29.25.54.73.54 1.48 0 1.07-.01 1.93-.01 2.2 0 .21.15.46.55.38A8.012 8.012 0 0 0 16 8c0-4.42-3.58-8-8-8z"
                    />
                  </svg>
                  Github
                </button>
              </div>
              <section
                class="c17"
              >
                <p
                  class="c18"
                >
                  ¬© 
                  2022
                   | Carlos Oliveira
                </p>
              </section>
            </div>
          </div>
          <div
            class="c19"
          >
            <img
              alt="Background image"
              class="c20"
              src="cr7.png"
            />
          </div>
        </div>
      </section>
    </div>
    <div>
      <section
        class="c0"
      >
        <div
          class="c1"
        >
          <div
            class="c2"
          >
            <div
              class="c3"
            >
              <h1
                class="c4"
              >
                Fa√ßa seu login
              </h1>
              <form>
                <section
                  class="c5"
                >
                  <div
                    class="c6"
                  >
                    <input
                      class="c7"
                      name="email"
                      required=""
                      type="text"
                      value=""
                    />
                    <span
                      class="c8"
                    />
                    <span
                      class="c9 c10"
                    />
                    <label
                      class="c11 c12"
                    >
                      Email
                    </label>
                  </div>
                </section>
                <section
                  class="c5"
                >
                  <div
                    class="c6"
                  >
                    <input
                      class="c7"
                      name="senha"
                      required=""
                      type="password"
                      value=""
                    />
                    <span>
                      <svg
                        fill="currentColor"
                        height="1em"
                        stroke="currentColor"
                        stroke-width="0"
                        viewBox="0 0 1024 1024"
                        width="1em"
                        xmlns="http://www.w3.org/2000/svg"
                      >
                        <path
                          d="M942.2 486.2Q889.47 375.11 816.7 305l-50.88 50.88C807.31 395.53 843.45 447.4 874.7 512 791.5 684.2 673.4 766 512 766q-72.67 0-133.87-22.38L323 798.75Q408 838 512 838q288.3 0 430.2-300.3a60.29 60.29 0 0 0 0-51.5zm-63.57-320.64L836 122.88a8 8 0 0 0-11.32 0L715.31 232.2Q624.86 186 512 186q-288.3 0-430.2 300.3a60.3 60.3 0 0 0 0 51.5q56.69 119.4 136.5 191.41L112.48 835a8 8 0 0 0 0 11.31L155.17 889a8 8 0 0 0 11.31 0l712.15-712.12a8 8 0 0 0 0-11.32zM149.3 512C232.6 339.8 350.7 258 512 258c54.54 0 104.13 9.36 149.12 28.39l-70.3 70.3a176 176 0 0 0-238.13 238.13l-83.42 83.42C223.1 637.49 183.3 582.28 149.3 512zm246.7 0a112.11 112.11 0 0 1 146.2-106.69L401.31 546.2A112 112 0 0 1 396 512z"
                        />
                        <path
                          d="M508 624c-3.46 0-6.87-.16-10.25-.47l-52.82 52.82a176.09 176.09 0 0 0 227.42-227.42l-52.82 52.82c.31 3.38.47 6.79.47 10.25a111.94 111.94 0 0 1-112 112z"
                        />
                      </svg>
                    </span>
                    <span
                      class="c8"
                    />
                    <span
                      class="c9 c10"
                    />
                    <label
                      class="c11 c12"
                    >
                      Senha
                    </label>
                  </div>
                </section>
                <section
                  class="c13"
                >
                  <button
                    class="c14"
                    role="button"
                  >
                    Entra
                  </button>
                </section>
              </form>
              <div
                class="c15"
              >
                <button
                  class="c16"
                  role="button"
                >
                  <svg
                    enable-background="new 0 0 48 48"
                    fill="currentColor"
                    height="1em"
                    stroke="currentColor"
                    stroke-width="0"
                    version="1.1"
                    viewBox="0 0 48 48"
                    width="1em"
                    x="0px"
                    xmlns="http://www.w3.org/2000/svg"
                    y="0px"
                  >
                    <path
                      d="M43.611,20.083H42V20H24v8h11.303c-1.649,4.657-6.08,8-11.303,8c-6.627,0-12-5.373-12-12
	c0-6.627,5.373-12,12-12c3.059,0,5.842,1.154,7.961,3.039l5.657-5.657C34.046,6.053,29.268,4,24,4C12.955,4,4,12.955,4,24
	c0,11.045,8.955,20,20,20c11.045,0,20-8.955,20-20C44,22.659,43.862,21.35,43.611,20.083z"
                      fill="#FFC107"
                    />
                    <path
                      d="M6.306,14.691l6.571,4.819C14.655,15.108,18.961,12,24,12c3.059,0,5.842,1.154,7.961,3.039l5.657-5.657
	C34.046,6.053,29.268,4,24,4C16.318,4,9.656,8.337,6.306,14.691z"
                      fill="#FF3D00"
                    />
                    <path
                      d="M24,44c5.166,0,9.86-1.977,13.409-5.192l-6.19-5.238C29.211,35.091,26.715,36,24,36
	c-5.202,0-9.619-3.317-11.283-7.946l-6.522,5.025C9.505,39.556,16.227,44,24,44z"
                      fill="#4CAF50"
                    />
                    <path
                      d="M43.611,20.083H42V20H24v8h11.303c-0.792,2.237-2.231,4.166-4.087,5.571
	c0.001-0.001,0.002-0.001,0.003-0.002l6.19,5.238C36.971,39.205,44,34,44,24C44,22.659,43.862,21.35,43.611,20.083z"
                      fill="#1976D2"
                    />
                  </svg>
                  Google
                </button>
                <button
                  class="c16"
                  role="button"
                >
                  <svg
                    fill="currentColor"
                    height="1em"
                    stroke="currentColor"
                    stroke-width="0"
                    viewBox="0 0 16 16"
                    width="1em"
                    xmlns="http://www.w3.org/2000/svg"
                  >
                    <path
                      d="M8 0C3.58 0 0 3.58 0 8c0 3.54 2.29 6.53 5.47 7.59.4.07.55-.17.55-.38 0-.19-.01-.82-.01-1.49-2.01.37-2.53-.49-2.69-.94-.09-.23-.48-.94-.82-1.13-.28-.15-.68-.52-.01-.53.63-.01 1.08.58 1.23.82.72 1.21 1.87.87 2.33.66.07-.52.28-.87.51-1.07-1.78-.2-3.64-.89-3.64-3.95 0-.87.31-1.59.82-2.15-.08-.2-.36-1.02.08-2.12 0 0 .67-.21 2.2.82.64-.18 1.32-.27 2-.27.68 0 1.36.09 2 .27 1.53-1.04 2.2-.82 2.2-.82.44 1.1.16 1.92.08 2.12.51.56.82 1.27.82 2.15 0 3.07-1.87 3.75-3.65 3.95.29.25.54.73.54 1.48 0 1.07-.01 1.93-.01 2.2 0 .21.15.46.55.38A8.012 8.012 0 0 0 16 8c0-4.42-3.58-8-8-8z"
                    />
                  </svg>
                  Github
                </button>
              </div>
              <section
                class="c17"
              >
                <p
                  class="c18"
                >
                  ¬© 
                  2022
                   | Carlos Oliveira
                </p>
              </section>
            </div>
          </div>
          <div
            class="c19"
          >
            <img
              alt="Background image"
              class="c20"
              src="cr7.png"
            />
          </div>
        </div>
      </section>
    </div>
  </body>,
  "container": .c5 svg {
  color: white;
  font-size: 25px;
  position: absolute;
  right: 0px;
  top: 10px;
  cursor: pointer;
}

.c6 {
  position: relative;
  margin-bottom: 45px;
}

.c8 {
  position: absolute;
  height: 60%;
  width: 100px;
  top: 25%;
  left: 0;
  pointer-events: none;
  opacity: 0.5;
}

.c12 {
  color: #f8f8f8;
  font-size: 18px;
  font-weight: normal;
  position: absolute;
  pointer-events: none;
  left: 5px;
  top: 10px;
  -webkit-transition: 0.2s ease all;
  transition: 0.2s ease all;
  -moz-transition: 0.2s ease all;
  -webkit-transition: 0.2s ease all;
}

.c10 {
  position: relative;
  display: block;
  width: 300px;
}

.c10:before,
.c10:after {
  content: '';
  height: 2px;
  width: 0;
  bottom: 1px;
  position: absolute;
  background-color: #90caf9;
  -webkit-transition: 0.2s ease all;
  transition: 0.2s ease all;
  -moz-transition: 0.2s ease all;
  -webkit-transition: 0.2s ease all;
}

.c10:before {
  left: 50%;
}

.c10:after {
  right: 50%;
}

.c7 {
  font-size: 18px;
  display: block;
  width: 300px;
  border: none;
  padding: 10px 10px 10px 5px;
  border-bottom: 0.1px solid #f8f8f8;
  background-color: transparent;
  color: #f8f8f8;
}

.c7:focus {
  outline: none;
  border-bottom: 1px solid transparent;
}

.c7:focus ~ .c11,
.c7:valid ~ .c11 {
  top: -20px;
  font-size: 14px;
  color: #90caf9;
}

.c7:focus ~ .c9:before,
.c7:focus ~ .c9:after {
  width: 50%;
}

.c17 {
  position: absolute;
  right: 8rem;
}

.c18 {
  font-weight: 600;
  font-size: 20px;
  color: #f8f8f8;
}

.c13 {
  display: -webkit-box;
  display: -webkit-flex;
  display: -ms-flexbox;
  display: flex;
  -webkit-box-pack: center;
  -webkit-justify-content: center;
  -ms-flex-pack: center;
  justify-content: center;
}

.c14 {
  all: unset;
  width: 100px;
  height: 30px;
  font-size: 16px;
  background: transparent;
  border: none;
  position: relative;
  color: #383838;
  cursor: pointer;
  z-index: 1;
  padding: 10px 20px;
  display: -webkit-box;
  display: -webkit-flex;
  display: -ms-flexbox;
  display: flex;
  -webkit-align-items: center;
  -webkit-box-align: center;
  -ms-flex-align: center;
  align-items: center;
  -webkit-box-pack: center;
  -webkit-justify-content: center;
  -ms-flex-pack: center;
  justify-content: center;
  white-space: nowrap;
  -webkit-user-select: none;
  -moz-user-select: none;
  -ms-user-select: none;
  user-select: none;
  -webkit-user-select: none;
  touch-action: manipulation;
  font-weight: 600;
}

.c14::after,
.c14::before {
  content: '';
  position: absolute;
  bottom: 0;
  right: 0;
  z-index: -99999;
  -webkit-transition: all 0.4s;
  transition: all 0.4s;
}

.c14::before {
  -webkit-transform: translate(0%,0%);
  -ms-transform: translate(0%,0%);
  transform: translate(0%,0%);
  width: 100%;
  height: 100%;
  background-color: #f8f8f8;
  border-radius: 10px;
}

.c14::after {
  -webkit-transform: translate(10px,10px);
  -ms-transform: translate(10px,10px);
  transform: translate(10px,10px);
  width: 35px;
  height: 35px;
  background-color: #90caf9;
  -webkit-backdrop-filter: blur(5px);
  backdrop-filter: blur(5px);
  -webkit-backdrop-filter: blur(5px);
  border-radius: 50px;
}

.c14:hover::before {
  -webkit-transform: translate(5%,20%);
  -ms-transform: translate(5%,20%);
  transform: translate(5%,20%);
  width: 110%;
  height: 110%;
}

.c14:hover::after {
  border-radius: 10px;
  -webkit-transform: translate(0,0);
  -ms-transform: translate(0,0);
  transform: translate(0,0);
  width: 100%;
  height: 100%;
}

.c14:active::after {
  -webkit-transition: 0s;
  transition: 0s;
  -webkit-transform: translate(0,5%);
  -ms-transform: translate(0,5%);
  transform: translate(0,5%);
}

.c16 {
  -webkit-align-items: center;
  -webkit-box-align: center;
  -ms-flex-align: center;
  align-items: center;
  -webkit-appearance: none;
  -moz-appearance: none;
  appearance: none;
  background-color: #f8f8f8;
  border-radius: 4px;
  border-width: 0;
  box-shadow: #383838 0px 22px 70px 4px;
  box-sizing: border-box;
  color: #383838;
  cursor: pointer;
  display: -webkit-inline-box;
  display: -webkit-inline-flex;
  display: -ms-inline-flexbox;
  display: inline-flex;
  font-family: 'JetBrains Mono',monospace;
  height: 48px;
  -webkit-box-pack: center;
  -webkit-justify-content: center;
  -ms-flex-pack: center;
  justify-content: center;
  line-height: 1;
  list-style: none;
  overflow: hidden;
  padding-left: 16px;
  padding-right: 16px;
  position: relative;
  text-align: left;
  -webkit-text-decoration: none;
  text-decoration: none;
  -webkit-transition: box-shadow 0.15s,-webkit-transform 0.15s;
  -webkit-transition: box-shadow 0.15s,transform 0.15s;
  transition: box-shadow 0.15s,transform 0.15s;
  -webkit-user-select: none;
  -moz-user-select: none;
  -ms-user-select: none;
  user-select: none;
  -webkit-user-select: none;
  touch-action: manipulation;
  white-space: nowrap;
  will-change: box-shadow,transform;
  font-size: 18px;
  font-weight: 600;
}

.c16:focus {
  box-shadow: #383838 0px 22px 70px 4px;
}

.c16:hover {
  box-shadow: #383838 0px 22px 70px 4px;
  -webkit-transform: translateY(-2px);
  -ms-transform: translateY(-2px);
  transform: translateY(-2px);
}

.c16:active {
  box-shadow: #383838 0px 22px 70px 4px;
  -webkit-transform: translateY(2px);
  -ms-transform: translateY(2px);
  transform: translateY(2px);
}

.c16 svg {
  margin-right: 10px;
}

.c0 {
  background: rgb(144,202,249);
  background: linear-gradient( 212deg, rgba(144,202,249,1) 40%, rgba(56,56,56,1) 90% );
  height: 100vh;
  padding: 2rem;
}

.c1 {
  height: calc(100vh - 4rem);
  position: relative;
  display: -webkit-box;
  display: -webkit-flex;
  display: -ms-flexbox;
  display: flex;
  -webkit-flex-wrap: wrap;
  -ms-flex-wrap: wrap;
  flex-wrap: wrap;
  -webkit-box-pack: center;
  -webkit-justify-content: center;
  -ms-flex-pack: center;
  justify-content: center;
  margin: 0 auto;
  max-width: 70rem;
  box-shadow: #383838 0px 22px 70px 4px;
}

.c2 {
  display: -webkit-box;
  display: -webkit-flex;
  display: -ms-flexbox;
  display: flex;
  -webkit-flex: 1 500px;
  -ms-flex: 1 500px;
  flex: 1 500px;
  padding: 6rem 7rem;
  border: 2px solid #9294f866;
  background-color: #f8f8f8;
  background: linear-gradient(90deg,#f8f8f8 0%,#383838 5%);
}

.c3 {
  z-index: 2;
  padding: 0 2rem;
}

.c4 {
  font-size: 30px;
  text-align: center;
  margin-bottom: 3.5rem;
  color: #f8f8f8;
}

.c15 {
  display: -webkit-box;
  display: -webkit-flex;
  display: -ms-flexbox;
  display: flex;
  margin-top: 4rem;
  -webkit-box-pack: space-evenly;
  -webkit-justify-content: space-evenly;
  -ms-flex-pack: space-evenly;
  justify-content: space-evenly;
}

.c19 {
  display: -webkit-box;
  display: -webkit-flex;
  display: -ms-flexbox;
  display: flex;
  -webkit-flex: 1 500px;
  -ms-flex: 1 500px;
  flex: 1 500px;
  position: absolute;
  right: 2px;
  top: 2px;
}

.c20 {
  width: 55rem;
}

@media (max-width:975px) {
  .c17 {
    margin-top: 3rem;
    margin-right: -1rem;
  }
}

@media (max-width:975px) {
  .c2 {
    padding: 0 2rem;
    -webkit-box-pack: center;
    -webkit-justify-content: center;
    -ms-flex-pack: center;
    justify-content: center;
  }
}

@media (max-width:975px) {
  .c19 {
    display: none;
  }
}

<div>
    <section
      class="c0"
    >
      <div
        class="c1"
      >
        <div
          class="c2"
        >
          <div
            class="c3"
          >
            <h1
              class="c4"
            >
              Fa√ßa seu login
            </h1>
            <form>
              <section
                class="c5"
              >
                <div
                  class="c6"
                >
                  <input
                    class="c7"
                    name="email"
                    required=""
                    type="text"
                    value=""
                  />
                  <span
                    class="c8"
                  />
                  <span
                    class="c9 c10"
                  />
                  <label
                    class="c11 c12"
                  >
                    Email
                  </label>
                </div>
              </section>
              <section
                class="c5"
              >
                <div
                  class="c6"
                >
                  <input
                    class="c7"
                    name="senha"
                    required=""
                    type="password"
                    value=""
                  />
                  <span>
                    <svg
                      fill="currentColor"
                      height="1em"
                      stroke="currentColor"
                      stroke-width="0"
                      viewBox="0 0 1024 1024"
                      width="1em"
                      xmlns="http://www.w3.org/2000/svg"
                    >
                      <path
                        d="M942.2 486.2Q889.47 375.11 816.7 305l-50.88 50.88C807.31 395.53 843.45 447.4 874.7 512 791.5 684.2 673.4 766 512 766q-72.67 0-133.87-22.38L323 798.75Q408 838 512 838q288.3 0 430.2-300.3a60.29 60.29 0 0 0 0-51.5zm-63.57-320.64L836 122.88a8 8 0 0 0-11.32 0L715.31 232.2Q624.86 186 512 186q-288.3 0-430.2 300.3a60.3 60.3 0 0 0 0 51.5q56.69 119.4 136.5 191.41L112.48 835a8 8 0 0 0 0 11.31L155.17 889a8 8 0 0 0 11.31 0l712.15-712.12a8 8 0 0 0 0-11.32zM149.3 512C232.6 339.8 350.7 258 512 258c54.54 0 104.13 9.36 149.12 28.39l-70.3 70.3a176 176 0 0 0-238.13 238.13l-83.42 83.42C223.1 637.49 183.3 582.28 149.3 512zm246.7 0a112.11 112.11 0 0 1 146.2-106.69L401.31 546.2A112 112 0 0 1 396 512z"
                      />
                      <path
                        d="M508 624c-3.46 0-6.87-.16-10.25-.47l-52.82 52.82a176.09 176.09 0 0 0 227.42-227.42l-52.82 52.82c.31 3.38.47 6.79.47 10.25a111.94 111.94 0 0 1-112 112z"
                      />
                    </svg>
                  </span>
                  <span
                    class="c8"
                  />
                  <span
                    class="c9 c10"
                  />
                  <label
                    class="c11 c12"
                  >
                    Senha
                  </label>
                </div>
              </section>
              <section
                class="c13"
              >
                <button
                  class="c14"
                  role="button"
                >
                  Entra
                </button>
              </section>
            </form>
            <div
              class="c15"
            >
              <button
                class="c16"
                role="button"
              >
                <svg
                  enable-background="new 0 0 48 48"
                  fill="currentColor"
                  height="1em"
                  stroke="currentColor"
                  stroke-width="0"
                  version="1.1"
                  viewBox="0 0 48 48"
                  width="1em"
                  x="0px"
                  xmlns="http://www.w3.org/2000/svg"
                  y="0px"
                >
                  <path
                    d="M43.611,20.083H42V20H24v8h11.303c-1.649,4.657-6.08,8-11.303,8c-6.627,0-12-5.373-12-12
	c0-6.627,5.373-12,12-12c3.059,0,5.842,1.154,7.961,3.039l5.657-5.657C34.046,6.053,29.268,4,24,4C12.955,4,4,12.955,4,24
	c0,11.045,8.955,20,20,20c11.045,0,20-8.955,20-20C44,22.659,43.862,21.35,43.611,20.083z"
                    fill="#FFC107"
                  />
                  <path
                    d="M6.306,14.691l6.571,4.819C14.655,15.108,18.961,12,24,12c3.059,0,5.842,1.154,7.961,3.039l5.657-5.657
	C34.046,6.053,29.268,4,24,4C16.318,4,9.656,8.337,6.306,14.691z"
                    fill="#FF3D00"
                  />
                  <path
                    d="M24,44c5.166,0,9.86-1.977,13.409-5.192l-6.19-5.238C29.211,35.091,26.715,36,24,36
	c-5.202,0-9.619-3.317-11.283-7.946l-6.522,5.025C9.505,39.556,16.227,44,24,44z"
                    fill="#4CAF50"
                  />
                  <path
                    d="M43.611,20.083H42V20H24v8h11.303c-0.792,2.237-2.231,4.166-4.087,5.571
	c0.001-0.001,0.002-0.001,0.003-0.002l6.19,5.238C36.971,39.205,44,34,44,24C44,22.659,43.862,21.35,43.611,20.083z"
                    fill="#1976D2"
                  />
                </svg>
                Google
              </button>
              <button
                class="c16"
                role="button"
              >
                <svg
                  fill="currentColor"
                  height="1em"
                  stroke="currentColor"
                  stroke-width="0"
                  viewBox="0 0 16 16"
                  width="1em"
                  xmlns="http://www.w3.org/2000/svg"
                >
                  <path
                    d="M8 0C3.58 0 0 3.58 0 8c0 3.54 2.29 6.53 5.47 7.59.4.07.55-.17.55-.38 0-.19-.01-.82-.01-1.49-2.01.37-2.53-.49-2.69-.94-.09-.23-.48-.94-.82-1.13-.28-.15-.68-.52-.01-.53.63-.01 1.08.58 1.23.82.72 1.21 1.87.87 2.33.66.07-.52.28-.87.51-1.07-1.78-.2-3.64-.89-3.64-3.95 0-.87.31-1.59.82-2.15-.08-.2-.36-1.02.08-2.12 0 0 .67-.21 2.2.82.64-.18 1.32-.27 2-.27.68 0 1.36.09 2 .27 1.53-1.04 2.2-.82 2.2-.82.44 1.1.16 1.92.08 2.12.51.56.82 1.27.82 2.15 0 3.07-1.87 3.75-3.65 3.95.29.25.54.73.54 1.48 0 1.07-.01 1.93-.01 2.2 0 .21.15.46.55.38A8.012 8.012 0 0 0 16 8c0-4.42-3.58-8-8-8z"
                  />
                </svg>
                Github
              </button>
            </div>
            <section
              class="c17"
            >
              <p
                class="c18"
              >
                ¬© 
                2022
                 | Carlos Oliveira
              </p>
            </section>
          </div>
        </div>
        <div
          class="c19"
        >
          <img
            alt="Background image"
            class="c20"
            src="cr7.png"
          />
        </div>
      </div>
    </section>
  </div>,
  "debug": [Function],
  "findAllByAltText": [Function],
  "findAllByDisplayValue": [Function],
  "findAllByLabelText": [Function],
  "findAllByPlaceholderText": [Function],
  "findAllByRole": [Function],
  "findAllByTestId": [Function],
  "findAllByText": [Function],
  "findAllByTitle": [Function],
  "findByAltText": [Function],
  "findByDisplayValue": [Function],
  "findByLabelText": [Function],
  "findByPlaceholderText": [Function],
  "findByRole": [Function],
  "findByTestId": [Function],
  "findByText": [Function],
  "findByTitle": [Function],
  "getAllByAltText": [Function],
  "getAllByDisplayValue": [Function],
  "getAllByLabelText": [Function],
  "getAllByPlaceholderText": [Function],
  "getAllByRole": [Function],
  "getAllByTestId": [Function],
  "getAllByText": [Function],
  "getAllByTitle": [Function],
  "getByAltText": [Function],
  "getByDisplayValue": [Function],
  "getByLabelText": [Function],
  "getByPlaceholderText": [Function],
  "getByRole": [Function],
  "getByTestId": [Function],
  "getByText": [Function],
  "getByTitle": [Function],
  "queryAllByAltText": [Function],
  "queryAllByDisplayValue": [Function],
  "queryAllByLabelText": [Function],
  "queryAllByPlaceholderText": [Function],
  "queryAllByRole": [Function],
  "queryAllByTestId": [Function],
  "queryAllByText": [Function],
  "queryAllByTitle": [Function],
  "queryByAltText": [Function],
  "queryByDisplayValue": [Function],
  "queryByLabelText": [Function],
  "queryByPlaceholderText": [Function],
  "queryByRole": [Function],
  "queryByTestId": [Function],
  "queryByText": [Function],
  "queryByTitle": [Function],
  "rerender": [Function],
  "unmount": [Function],
}
`;
