// Jest Snapshot v1, https://goo.gl/fbAQLP

exports[`Testing error buyBlouse component rendering matches snapshot correctly 1`] = `
Object {
  "asFragment": [Function],
  "baseElement": .c13 {
  width: 40rem;
  height: 4rem;
  background-color: #8ca315;
  border: none;
  font-weight: 700;
  border-radius: 5px;
  text-transform: uppercase;
  box-shadow: rgb(38,57,77) 0px 20px 30px -10px;
  -webkit-transition: filter 0.2s;
  transition: filter 0.2s;
}

.c13:hover {
  cursor: pointer;
  -webkit-filter: brightness(0.9);
  filter: brightness(0.9);
}

.c0 {
  display: -webkit-box;
  display: -webkit-flex;
  display: -ms-flexbox;
  display: flex;
  -webkit-flex-wrap: wrap;
  -ms-flex-wrap: wrap;
  flex-wrap: wrap;
  -webkit-align-items: center;
  -webkit-box-align: center;
  -ms-flex-align: center;
  align-items: center;
}

.c1 {
  gap: 1rem;
  display: -webkit-box;
  display: -webkit-flex;
  display: -ms-flexbox;
  display: flex;
  -webkit-flex-wrap: wrap;
  -ms-flex-wrap: wrap;
  flex-wrap: wrap;
  -webkit-align-items: center;
  -webkit-box-align: center;
  -ms-flex-align: center;
  align-items: center;
  margin: 0rem 3rem;
}

.c4 {
  width: 30rem;
}

.c2 {
  display: -webkit-box;
  display: -webkit-flex;
  display: -ms-flexbox;
  display: flex;
  -webkit-flex-wrap: wrap;
  -ms-flex-wrap: wrap;
  flex-wrap: wrap;
  -webkit-align-items: center;
  -webkit-box-align: center;
  -ms-flex-align: center;
  align-items: center;
}

.c3 {
  border: none;
  font-size: 2rem;
  background-color: transparent;
}

.c3:hover {
  cursor: pointer;
  -webkit-filter: brightness(0.7);
  filter: brightness(0.7);
}

.c3 svg {
  color: #8ca315;
}

.c5 {
  display: -webkit-box;
  display: -webkit-flex;
  display: -ms-flexbox;
  display: flex;
  -webkit-flex-wrap: wrap;
  -ms-flex-wrap: wrap;
  flex-wrap: wrap;
  -webkit-align-items: center;
  -webkit-box-align: center;
  -ms-flex-align: center;
  align-items: center;
  -webkit-flex: 1 500px;
  -ms-flex: 1 500px;
  flex: 1 500px;
  position: relative;
}

.c7 {
  color: black;
  color: #383838;
  font-size: 1.2rem;
  font-weight: 700;
}

.c7 span {
  color: #383838;
  font-weight: bold;
}

.c10 {
  color: black;
}

.c10 span {
  color: #383838;
  font-weight: bold;
}

.c6 {
  margin-top: 0px;
}

.c9 {
  margin-top: 0px;
}

.c11 {
  display: -webkit-box;
  display: -webkit-flex;
  display: -ms-flexbox;
  display: flex;
  margin-top: 5px;
}

.c8 {
  position: absolute;
  right: 1rem;
  top: -1rem;
}

.c12 {
  gap: 5rem;
  display: -webkit-box;
  display: -webkit-flex;
  display: -ms-flexbox;
  display: flex;
  -webkit-align-items: end;
  -webkit-box-align: end;
  -ms-flex-align: end;
  align-items: end;
}

.c12 section {
  margin-right: 6rem;
}

@media (max-width:975px) {
  .c13 {
    width: -webkit-fit-content;
    width: -moz-fit-content;
    width: fit-content;
  }
}

@media (max-width:975px) {
  .c4 {
    width: 100%;
  }
}

@media (max-width:1520px) {
  .c2 {
    margin: 0 auto;
  }
}

@media (max-width:975px) {
  .c8 {
    display: none;
  }
}

@media (max-width:975px) {
  .c12 {
    gap: 1rem;
    display: -webkit-box;
    display: -webkit-flex;
    display: -ms-flexbox;
    display: flex;
    -webkit-align-items: center;
    -webkit-box-align: center;
    -ms-flex-align: center;
    align-items: center;
  }
}

<body>
    <div>
      <section
        class="c0"
      >
        <div
          class="c1"
        >
          <div
            class="c2"
          >
            <button
              class="c3"
            >
              <svg
                fill="currentColor"
                height="1em"
                stroke="currentColor"
                stroke-width="0"
                viewBox="0 0 16 16"
                width="1em"
                xmlns="http://www.w3.org/2000/svg"
              >
                <path
                  d="M1 8a7 7 0 1 0 14 0A7 7 0 0 0 1 8zm15 0A8 8 0 1 1 0 8a8 8 0 0 1 16 0zm-4.5-.5a.5.5 0 0 1 0 1H5.707l2.147 2.146a.5.5 0 0 1-.708.708l-3-3a.5.5 0 0 1 0-.708l3-3a.5.5 0 1 1 .708.708L5.707 7.5H11.5z"
                  fill-rule="evenodd"
                />
              </svg>
            </button>
            <img
              alt="Camisa de time"
              class="c4"
              src="undefined"
            />
            <button
              class="c3"
            >
              <svg
                fill="currentColor"
                height="1em"
                stroke="currentColor"
                stroke-width="0"
                viewBox="0 0 16 16"
                width="1em"
                xmlns="http://www.w3.org/2000/svg"
              >
                <path
                  d="M1 8a7 7 0 1 0 14 0A7 7 0 0 0 1 8zm15 0A8 8 0 1 1 0 8a8 8 0 0 1 16 0zM4.5 7.5a.5.5 0 0 0 0 1h5.793l-2.147 2.146a.5.5 0 0 0 .708.708l3-3a.5.5 0 0 0 0-.708l-3-3a.5.5 0 1 0-.708.708L10.293 7.5H4.5z"
                  fill-rule="evenodd"
                />
              </svg>
            </button>
          </div>
          <div
            class="c5"
          >
            <div
              class="c6"
            >
              <p
                class="c7"
              />
            </div>
            <div
              class="c8"
            />
            <div
              class="c9"
            >
              <p
                class="c10"
              >
                <span>
                  Tamanho: 
                </span>
                <div
                  class="c11"
                />
              </p>
              <p
                class="c10"
              >
                <span>
                  Tercido:
                </span>
                 
              </p>
              <p
                class="c10"
              >
                <span>
                  Marca:
                </span>
                 
              </p>
              <div
                class="c12"
              >
                <p
                  class="c10"
                >
                  <span>
                    Descrição:
                  </span>
                   
                </p>
                <button
                  class="c13"
                >
                  Comprar agora
                </button>
              </div>
            </div>
          </div>
        </div>
      </section>
    </div>
    <div
      class="ReactModalPortal"
    />
    <div>
      <section
        class="c0"
      >
        <div
          class="c1"
        >
          <div
            class="c2"
          >
            <button
              class="c3"
            >
              <svg
                fill="currentColor"
                height="1em"
                stroke="currentColor"
                stroke-width="0"
                viewBox="0 0 16 16"
                width="1em"
                xmlns="http://www.w3.org/2000/svg"
              >
                <path
                  d="M1 8a7 7 0 1 0 14 0A7 7 0 0 0 1 8zm15 0A8 8 0 1 1 0 8a8 8 0 0 1 16 0zm-4.5-.5a.5.5 0 0 1 0 1H5.707l2.147 2.146a.5.5 0 0 1-.708.708l-3-3a.5.5 0 0 1 0-.708l3-3a.5.5 0 1 1 .708.708L5.707 7.5H11.5z"
                  fill-rule="evenodd"
                />
              </svg>
            </button>
            <img
              alt="Camisa de time"
              class="c4"
              src="undefined"
            />
            <button
              class="c3"
            >
              <svg
                fill="currentColor"
                height="1em"
                stroke="currentColor"
                stroke-width="0"
                viewBox="0 0 16 16"
                width="1em"
                xmlns="http://www.w3.org/2000/svg"
              >
                <path
                  d="M1 8a7 7 0 1 0 14 0A7 7 0 0 0 1 8zm15 0A8 8 0 1 1 0 8a8 8 0 0 1 16 0zM4.5 7.5a.5.5 0 0 0 0 1h5.793l-2.147 2.146a.5.5 0 0 0 .708.708l3-3a.5.5 0 0 0 0-.708l-3-3a.5.5 0 1 0-.708.708L10.293 7.5H4.5z"
                  fill-rule="evenodd"
                />
              </svg>
            </button>
          </div>
          <div
            class="c5"
          >
            <div
              class="c6"
            >
              <p
                class="c7"
              />
            </div>
            <div
              class="c8"
            />
            <div
              class="c9"
            >
              <p
                class="c10"
              >
                <span>
                  Tamanho: 
                </span>
                <div
                  class="c11"
                />
              </p>
              <p
                class="c10"
              >
                <span>
                  Tercido:
                </span>
                 
              </p>
              <p
                class="c10"
              >
                <span>
                  Marca:
                </span>
                 
              </p>
              <div
                class="c12"
              >
                <p
                  class="c10"
                >
                  <span>
                    Descrição:
                  </span>
                   
                </p>
                <button
                  class="c13"
                >
                  Comprar agora
                </button>
              </div>
            </div>
          </div>
        </div>
      </section>
    </div>
    <div
      class="ReactModalPortal"
    />
  </body>,
  "container": .c13 {
  width: 40rem;
  height: 4rem;
  background-color: #8ca315;
  border: none;
  font-weight: 700;
  border-radius: 5px;
  text-transform: uppercase;
  box-shadow: rgb(38,57,77) 0px 20px 30px -10px;
  -webkit-transition: filter 0.2s;
  transition: filter 0.2s;
}

.c13:hover {
  cursor: pointer;
  -webkit-filter: brightness(0.9);
  filter: brightness(0.9);
}

.c0 {
  display: -webkit-box;
  display: -webkit-flex;
  display: -ms-flexbox;
  display: flex;
  -webkit-flex-wrap: wrap;
  -ms-flex-wrap: wrap;
  flex-wrap: wrap;
  -webkit-align-items: center;
  -webkit-box-align: center;
  -ms-flex-align: center;
  align-items: center;
}

.c1 {
  gap: 1rem;
  display: -webkit-box;
  display: -webkit-flex;
  display: -ms-flexbox;
  display: flex;
  -webkit-flex-wrap: wrap;
  -ms-flex-wrap: wrap;
  flex-wrap: wrap;
  -webkit-align-items: center;
  -webkit-box-align: center;
  -ms-flex-align: center;
  align-items: center;
  margin: 0rem 3rem;
}

.c4 {
  width: 30rem;
}

.c2 {
  display: -webkit-box;
  display: -webkit-flex;
  display: -ms-flexbox;
  display: flex;
  -webkit-flex-wrap: wrap;
  -ms-flex-wrap: wrap;
  flex-wrap: wrap;
  -webkit-align-items: center;
  -webkit-box-align: center;
  -ms-flex-align: center;
  align-items: center;
}

.c3 {
  border: none;
  font-size: 2rem;
  background-color: transparent;
}

.c3:hover {
  cursor: pointer;
  -webkit-filter: brightness(0.7);
  filter: brightness(0.7);
}

.c3 svg {
  color: #8ca315;
}

.c5 {
  display: -webkit-box;
  display: -webkit-flex;
  display: -ms-flexbox;
  display: flex;
  -webkit-flex-wrap: wrap;
  -ms-flex-wrap: wrap;
  flex-wrap: wrap;
  -webkit-align-items: center;
  -webkit-box-align: center;
  -ms-flex-align: center;
  align-items: center;
  -webkit-flex: 1 500px;
  -ms-flex: 1 500px;
  flex: 1 500px;
  position: relative;
}

.c7 {
  color: black;
  color: #383838;
  font-size: 1.2rem;
  font-weight: 700;
}

.c7 span {
  color: #383838;
  font-weight: bold;
}

.c10 {
  color: black;
}

.c10 span {
  color: #383838;
  font-weight: bold;
}

.c6 {
  margin-top: 0px;
}

.c9 {
  margin-top: 0px;
}

.c11 {
  display: -webkit-box;
  display: -webkit-flex;
  display: -ms-flexbox;
  display: flex;
  margin-top: 5px;
}

.c8 {
  position: absolute;
  right: 1rem;
  top: -1rem;
}

.c12 {
  gap: 5rem;
  display: -webkit-box;
  display: -webkit-flex;
  display: -ms-flexbox;
  display: flex;
  -webkit-align-items: end;
  -webkit-box-align: end;
  -ms-flex-align: end;
  align-items: end;
}

.c12 section {
  margin-right: 6rem;
}

@media (max-width:975px) {
  .c13 {
    width: -webkit-fit-content;
    width: -moz-fit-content;
    width: fit-content;
  }
}

@media (max-width:975px) {
  .c4 {
    width: 100%;
  }
}

@media (max-width:1520px) {
  .c2 {
    margin: 0 auto;
  }
}

@media (max-width:975px) {
  .c8 {
    display: none;
  }
}

@media (max-width:975px) {
  .c12 {
    gap: 1rem;
    display: -webkit-box;
    display: -webkit-flex;
    display: -ms-flexbox;
    display: flex;
    -webkit-align-items: center;
    -webkit-box-align: center;
    -ms-flex-align: center;
    align-items: center;
  }
}

<div>
    <section
      class="c0"
    >
      <div
        class="c1"
      >
        <div
          class="c2"
        >
          <button
            class="c3"
          >
            <svg
              fill="currentColor"
              height="1em"
              stroke="currentColor"
              stroke-width="0"
              viewBox="0 0 16 16"
              width="1em"
              xmlns="http://www.w3.org/2000/svg"
            >
              <path
                d="M1 8a7 7 0 1 0 14 0A7 7 0 0 0 1 8zm15 0A8 8 0 1 1 0 8a8 8 0 0 1 16 0zm-4.5-.5a.5.5 0 0 1 0 1H5.707l2.147 2.146a.5.5 0 0 1-.708.708l-3-3a.5.5 0 0 1 0-.708l3-3a.5.5 0 1 1 .708.708L5.707 7.5H11.5z"
                fill-rule="evenodd"
              />
            </svg>
          </button>
          <img
            alt="Camisa de time"
            class="c4"
            src="undefined"
          />
          <button
            class="c3"
          >
            <svg
              fill="currentColor"
              height="1em"
              stroke="currentColor"
              stroke-width="0"
              viewBox="0 0 16 16"
              width="1em"
              xmlns="http://www.w3.org/2000/svg"
            >
              <path
                d="M1 8a7 7 0 1 0 14 0A7 7 0 0 0 1 8zm15 0A8 8 0 1 1 0 8a8 8 0 0 1 16 0zM4.5 7.5a.5.5 0 0 0 0 1h5.793l-2.147 2.146a.5.5 0 0 0 .708.708l3-3a.5.5 0 0 0 0-.708l-3-3a.5.5 0 1 0-.708.708L10.293 7.5H4.5z"
                fill-rule="evenodd"
              />
            </svg>
          </button>
        </div>
        <div
          class="c5"
        >
          <div
            class="c6"
          >
            <p
              class="c7"
            />
          </div>
          <div
            class="c8"
          />
          <div
            class="c9"
          >
            <p
              class="c10"
            >
              <span>
                Tamanho: 
              </span>
              <div
                class="c11"
              />
            </p>
            <p
              class="c10"
            >
              <span>
                Tercido:
              </span>
               
            </p>
            <p
              class="c10"
            >
              <span>
                Marca:
              </span>
               
            </p>
            <div
              class="c12"
            >
              <p
                class="c10"
              >
                <span>
                  Descrição:
                </span>
                 
              </p>
              <button
                class="c13"
              >
                Comprar agora
              </button>
            </div>
          </div>
        </div>
      </div>
    </section>
  </div>,
  "debug": [Function],
  "findAllByAltText": [Function],
  "findAllByDisplayValue": [Function],
  "findAllByLabelText": [Function],
  "findAllByPlaceholderText": [Function],
  "findAllByRole": [Function],
  "findAllByTestId": [Function],
  "findAllByText": [Function],
  "findAllByTitle": [Function],
  "findByAltText": [Function],
  "findByDisplayValue": [Function],
  "findByLabelText": [Function],
  "findByPlaceholderText": [Function],
  "findByRole": [Function],
  "findByTestId": [Function],
  "findByText": [Function],
  "findByTitle": [Function],
  "getAllByAltText": [Function],
  "getAllByDisplayValue": [Function],
  "getAllByLabelText": [Function],
  "getAllByPlaceholderText": [Function],
  "getAllByRole": [Function],
  "getAllByTestId": [Function],
  "getAllByText": [Function],
  "getAllByTitle": [Function],
  "getByAltText": [Function],
  "getByDisplayValue": [Function],
  "getByLabelText": [Function],
  "getByPlaceholderText": [Function],
  "getByRole": [Function],
  "getByTestId": [Function],
  "getByText": [Function],
  "getByTitle": [Function],
  "queryAllByAltText": [Function],
  "queryAllByDisplayValue": [Function],
  "queryAllByLabelText": [Function],
  "queryAllByPlaceholderText": [Function],
  "queryAllByRole": [Function],
  "queryAllByTestId": [Function],
  "queryAllByText": [Function],
  "queryAllByTitle": [Function],
  "queryByAltText": [Function],
  "queryByDisplayValue": [Function],
  "queryByLabelText": [Function],
  "queryByPlaceholderText": [Function],
  "queryByRole": [Function],
  "queryByTestId": [Function],
  "queryByText": [Function],
  "queryByTitle": [Function],
  "rerender": [Function],
  "unmount": [Function],
}
`;
